## SLURM PROLOG ###############################################################
##    Job ID : 2226435
##  Job Name : cv_dance_train
##  Nodelist : gpu2101
##      CPUs : 1
##  Mem/Node : 32768 MB
## Directory : /oscar/scratch/mwang264/projects/CV_Tool_for_Dance_Choreography_Practice
##   Job Started : Mon May  4 02:03:29 AM EDT 2026
###############################################################################
==============================================================
job:        cv_dance_train (2226435)
node:       gpu2101.oscar.ccv.brown.edu
cwd:        /oscar/scratch/mwang264/projects/CV_Tool_for_Dance_Choreography_Practice
cfg:        configs/train/train_hrnet.yaml
cpus/task:  8
gpus:       1 (gres=?)
==============================================================
Mon May  4 02:03:32 2026       
+-----------------------------------------------------------------------------------------+
| NVIDIA-SMI 575.57.08              Driver Version: 575.57.08      CUDA Version: 12.9     |
|-----------------------------------------+------------------------+----------------------+
| GPU  Name                 Persistence-M | Bus-Id          Disp.A | Volatile Uncorr. ECC |
| Fan  Temp   Perf          Pwr:Usage/Cap |           Memory-Usage | GPU-Util  Compute M. |
|                                         |                        |               MIG M. |
|=========================================+========================+======================|
|   0  NVIDIA GeForce RTX 3090        On  |   00000000:81:00.0 Off |                  N/A |
| 30%   27C    P8             26W /  350W |      18MiB /  24576MiB |      0%      Default |
|                                         |                        |                  N/A |
+-----------------------------------------+------------------------+----------------------+
                                                                                         
+-----------------------------------------------------------------------------------------+
| Processes:                                                                              |
|  GPU   GI   CI              PID   Type   Process name                        GPU Memory |
|        ID   ID                                                               Usage      |
|=========================================================================================|
|    0   N/A  N/A          157488      G   /usr/libexec/Xorg                         5MiB |
+-----------------------------------------------------------------------------------------+
python: 3.11.15
torch:  2.5.1+cu121
cuda:   True NVIDIA GeForce RTX 3090
==============================================================
