## SLURM PROLOG ###############################################################
##    Job ID : 2050637
##  Job Name : dance-gnn
##  Nodelist : gpu2007
##      CPUs : 
##  Mem/Node : 32768 MB
## Directory : /oscar/home/hding33/Desktop/Dance_CV_Final
##   Job Started : Thu Apr 30 02:09:24 PM EDT 2026
###############################################################################
activated conda env: dance-cv
python: /users/hding33/.conda/envs/dance-cv/bin/python
AISTEmbeddingDataset: videos=20 total_frames=13456 avg_frames_per_video=672.8
device=cpu negative_strategy=different_video
epoch 1/50 loss=0.271953 pos_dist=0.204260 neg_dist=1.206825 batches=211
epoch 2/50 loss=0.159006 pos_dist=0.226388 neg_dist=1.351843 batches=211
epoch 3/50 loss=0.122832 pos_dist=0.248237 neg_dist=1.382382 batches=211
epoch 4/50 loss=0.108801 pos_dist=0.252038 neg_dist=1.385752 batches=211
epoch 5/50 loss=0.099954 pos_dist=0.262471 neg_dist=1.391823 batches=211
epoch 6/50 loss=0.085952 pos_dist=0.268025 neg_dist=1.394620 batches=211
epoch 7/50 loss=0.075779 pos_dist=0.265090 neg_dist=1.400372 batches=211
epoch 8/50 loss=0.067339 pos_dist=0.260752 neg_dist=1.409442 batches=211
epoch 9/50 loss=0.066569 pos_dist=0.259080 neg_dist=1.408080 batches=211
epoch 10/50 loss=0.059172 pos_dist=0.252550 neg_dist=1.411936 batches=211
epoch 11/50 loss=0.059091 pos_dist=0.254321 neg_dist=1.409548 batches=211
epoch 12/50 loss=0.059798 pos_dist=0.250491 neg_dist=1.409034 batches=211
epoch 13/50 loss=0.056208 pos_dist=0.247479 neg_dist=1.412262 batches=211
epoch 14/50 loss=0.053910 pos_dist=0.247176 neg_dist=1.411443 batches=211
epoch 15/50 loss=0.050080 pos_dist=0.244629 neg_dist=1.417578 batches=211
epoch 16/50 loss=0.049496 pos_dist=0.244200 neg_dist=1.415859 batches=211
epoch 17/50 loss=0.047384 pos_dist=0.243315 neg_dist=1.419942 batches=211
epoch 18/50 loss=0.045906 pos_dist=0.243179 neg_dist=1.420204 batches=211
epoch 19/50 loss=0.045361 pos_dist=0.241949 neg_dist=1.421674 batches=211
epoch 20/50 loss=0.044319 pos_dist=0.240379 neg_dist=1.420610 batches=211
epoch 21/50 loss=0.042072 pos_dist=0.239968 neg_dist=1.421855 batches=211
epoch 22/50 loss=0.041180 pos_dist=0.238361 neg_dist=1.424986 batches=211
epoch 23/50 loss=0.042361 pos_dist=0.238186 neg_dist=1.422052 batches=211
epoch 24/50 loss=0.042882 pos_dist=0.239983 neg_dist=1.423459 batches=211
epoch 25/50 loss=0.040227 pos_dist=0.237623 neg_dist=1.423714 batches=211
epoch 26/50 loss=0.038889 pos_dist=0.233383 neg_dist=1.425669 batches=211
epoch 27/50 loss=0.039494 pos_dist=0.234405 neg_dist=1.424430 batches=211
epoch 28/50 loss=0.038090 pos_dist=0.233260 neg_dist=1.425652 batches=211
epoch 29/50 loss=0.036702 pos_dist=0.234572 neg_dist=1.429159 batches=211
epoch 30/50 loss=0.036038 pos_dist=0.235241 neg_dist=1.429427 batches=211
epoch 31/50 loss=0.035509 pos_dist=0.233422 neg_dist=1.428941 batches=211
epoch 32/50 loss=0.034969 pos_dist=0.234523 neg_dist=1.430745 batches=211
epoch 33/50 loss=0.034417 pos_dist=0.231802 neg_dist=1.429394 batches=211
epoch 34/50 loss=0.032617 pos_dist=0.232959 neg_dist=1.431512 batches=211
epoch 35/50 loss=0.032927 pos_dist=0.233640 neg_dist=1.433206 batches=211
epoch 36/50 loss=0.031473 pos_dist=0.232801 neg_dist=1.433042 batches=211
epoch 37/50 loss=0.032785 pos_dist=0.229402 neg_dist=1.429459 batches=211
epoch 38/50 loss=0.031608 pos_dist=0.230694 neg_dist=1.431430 batches=211
epoch 39/50 loss=0.030134 pos_dist=0.228281 neg_dist=1.435483 batches=211
epoch 40/50 loss=0.030913 pos_dist=0.229847 neg_dist=1.431534 batches=211
epoch 41/50 loss=0.028973 pos_dist=0.226198 neg_dist=1.436755 batches=211
epoch 42/50 loss=0.029292 pos_dist=0.225763 neg_dist=1.435021 batches=211
epoch 43/50 loss=0.028682 pos_dist=0.224142 neg_dist=1.435423 batches=211
epoch 44/50 loss=0.026915 pos_dist=0.225155 neg_dist=1.437997 batches=211
epoch 45/50 loss=0.028428 pos_dist=0.226225 neg_dist=1.437277 batches=211
epoch 46/50 loss=0.025785 pos_dist=0.223852 neg_dist=1.440850 batches=211
epoch 47/50 loss=0.028925 pos_dist=0.224660 neg_dist=1.437063 batches=211
epoch 48/50 loss=0.028313 pos_dist=0.224646 neg_dist=1.437605 batches=211
epoch 49/50 loss=0.026128 pos_dist=0.224875 neg_dist=1.440989 batches=211
epoch 50/50 loss=0.026172 pos_dist=0.222376 neg_dist=1.439258 batches=211
checkpoint saved -> checkpoints/pose_gnn_encoder_oscar.pt
